job   sigma3j W1  | rerun - ref per channel (fb)
1000215 rerun W1 125.5232 production 125.5232 diff 0.00e+00 | pts 6524000 logged 0
1000297 rerun W1 215.0951 production 215.0951 diff 0.00e+00 | pts 6684000 logged 4
1000860 rerun W1 125.5201 production 125.5201 diff 0.00e+00 | pts 6846000 logged 3
1000975 rerun W1 168.2796 production 168.2796 diff 0.00e+00 | pts 6748000 logged 7
1001012 rerun W1 240.2467 production 240.2467 diff 0.00e+00 | pts 5620000 logged 1
1001262 rerun W1 168.7845 production 168.7845 diff 0.00e+00 | pts 6846000 logged 2
1001364 rerun W1 125.5247 production 125.5247 diff 0.00e+00 | pts 6698000 logged 2
1001387 rerun W1 169.0879 production 169.0879 diff 0.00e+00 | pts 6218000 logged 3
1001513 rerun W1 125.5224 production 125.5224 diff 0.00e+00 | pts 6880000 logged 1
1001652 rerun W1 275.3504 production 275.3504 diff 0.00e+00 | pts 6226000 logged 2
1002128 rerun W1 125.5276 production 125.5276 diff 0.00e+00 | pts 6728000 logged 3
1002198 rerun W1 321.7048 production 321.7048 diff 0.00e+00 | pts 6664000 logged 3

Per job: excess (fb) over pilot channel mean, and logged (>=thr in any channel) sum/3 (fb), by channel
job 1000215 W1 125.5
              all      NCqq      NCqg      NCgq      NCgg      CCqq      CCqg      CCgq      CCgg
  excess      0.00     -0.30      0.05     -0.02     -0.00     -0.37      0.06     -0.17     -0.01
  line(      0.00      0.00      0.00      0.00      0.00      0.00      0.00      0.00      0.00  above; n=0
  real       0.00      0.00      0.00      0.00      0.00      0.00      0.00      0.00      0.00  above; n=0
  dipol      0.00      0.00      0.00      0.00      0.00      0.00      0.00      0.00      0.00  above; n=0
  e3         0.00      0.00      0.00      0.00      0.00      0.00      0.00      0.00      0.00  above; n=0
  below    125.51     29.55      3.95      3.97     -0.14     71.55      8.39      8.49     -0.24
  total    125.51     29.55      3.95      3.97     -0.14     71.55      8.39      8.49     -0.24  (total of all contributions = sigma(>=3j) incl. stage-2 points only)
job 1000297 W1 215.1
              all      NCqq      NCqg      NCgq      NCgg      CCqq      CCqg      CCgq      CCgg
  excess     89.58      6.53     -0.21     18.59      0.00     13.16     -0.49     51.25      0.00
  line(      0.00      0.00      0.00      0.00      0.00      0.00      0.00      0.00      0.00  above; n=0
  real     100.08      7.06      0.91     20.33      0.00     13.84      2.19     55.74      0.00  above; n=3
  dipol     -4.99      0.02      0.00     -1.44      0.00      0.07      0.00     -3.64      0.00  above; n=1
  e3         0.00      0.00      0.00      0.00      0.00      0.00      0.00      0.00      0.00  above; n=0
  below    120.00     29.29      2.77      3.68     -0.13     71.17      5.64      7.81     -0.23
  total    215.09     36.37      3.68     22.58     -0.13     85.08      7.83     59.91     -0.23  (total of all contributions = sigma(>=3j) incl. stage-2 points only)
job 1000860 W1 125.5
              all      NCqq      NCqg      NCgq      NCgg      CCqq      CCqg      CCgq      CCgg
  excess      0.00     -0.72     -0.12      0.40      0.01     -0.82     -0.23      0.71      0.02
  line(      0.00      0.00      0.00      0.00      0.00      0.00      0.00      0.00      0.00  above; n=0
  real      12.18      0.28      0.00      3.01      0.00      2.02      0.00      6.87      0.00  above; n=2
  dipol     -3.68     -0.11      0.00     -0.82      0.00     -0.88      0.00     -1.87      0.00  above; n=1
  e3         0.00      0.00      0.00      0.00      0.00      0.00      0.00      0.00      0.00  above; n=0
  below    117.01     28.95      3.78      2.20     -0.12     69.97      8.09      4.37     -0.21
  total    125.51     29.12      3.78      4.39     -0.12     71.10      8.09      9.37     -0.21  (total of all contributions = sigma(>=3j) incl. stage-2 points only)
job 1000975 W1 168.3
              all      NCqq      NCqg      NCgq      NCgg      CCqq      CCqg      CCgq      CCgg
  excess     42.76      0.56     12.73      0.01     -0.00      0.80     28.02     -0.11      0.00
  line(    -37.61     -2.10     -8.98     -0.00     -0.00     -5.47    -21.05     -0.00     -0.00  above; n=1
  real      67.12      1.04     17.58      2.07      0.00      3.21     38.53      4.69      0.00  above; n=2
  dipol    -28.26     -0.19     -6.40     -2.07      0.00     -0.87    -14.03     -4.69      0.00  above; n=3
  e3        41.32      2.30      9.87      0.00      0.00      5.99     23.15      0.00      0.00  above; n=1
  below    125.67     29.34      4.55      4.00     -0.13     69.85      9.74      8.55     -0.23
  total    168.25     30.40     16.63      4.00     -0.14     72.71     36.34      8.54     -0.23  (total of all contributions = sigma(>=3j) incl. stage-2 points only)
job 1001012 W1 240.2
              all      NCqq      NCqg      NCgq      NCgg      CCqq      CCqg      CCgq      CCgg
  excess    114.73      3.43     17.22     -0.17      0.01     53.12     40.82     -0.46      0.01
  line(      0.00      0.00      0.00      0.00      0.00      0.00      0.00      0.00      0.00  above; n=0
  real     114.52      3.80     16.84      0.00      0.00     53.97     39.90      0.00      0.00  above; n=1
  dipol      0.00      0.00      0.00      0.00      0.00      0.00      0.00      0.00      0.00  above; n=0
  e3         0.00      0.00      0.00      0.00      0.00      0.00      0.00      0.00      0.00  above; n=0
  below    125.66     29.46      4.27      3.81     -0.13     71.04      9.24      8.19     -0.22
  total    240.18     33.26     21.11      3.81     -0.13    125.01     49.14      8.19     -0.22  (total of all contributions = sigma(>=3j) incl. stage-2 points only)
job 1001262 W1 168.8
              all      NCqq      NCqg      NCgq      NCgg      CCqq      CCqg      CCgq      CCgg
  excess     43.26      1.86      0.18      8.89     -0.01      7.26      0.31     24.03     -0.01
  line(      0.00      0.00      0.00      0.00      0.00      0.00      0.00      0.00      0.00  above; n=0
  real      37.90      1.30      0.00      8.29      0.00      5.74      0.00     22.57      0.00  above; n=2
  dipol      0.00      0.00      0.00      0.00      0.00      0.00      0.00      0.00      0.00  above; n=0
  e3         0.00      0.00      0.00      0.00      0.00      0.00      0.00      0.00      0.00  above; n=0
  below    130.85     30.40      4.08      4.59     -0.14     73.43      8.63     10.11     -0.24
  total    168.75     31.70      4.08     12.88     -0.14     79.17      8.63     32.69     -0.24  (total of all contributions = sigma(>=3j) incl. stage-2 points only)
job 1001364 W1 125.5
              all      NCqq      NCqg      NCgq      NCgg      CCqq      CCqg      CCgq      CCgg
  excess      0.00      0.41     -0.37     -0.20     -0.05      1.03     -0.89     -0.60     -0.08
  line(      0.00      0.00      0.00      0.00      0.00      0.00      0.00      0.00      0.00  above; n=0
  real       8.32      0.09      2.50      0.00      0.00      0.26      5.47      0.00      0.00  above; n=2
  dipol      0.00      0.00      0.00      0.00      0.00      0.00      0.00      0.00      0.00  above; n=0
  e3         0.00      0.00      0.00      0.00      0.00      0.00      0.00      0.00      0.00  above; n=0
  below    117.18     30.16      1.02      3.79     -0.18     72.68      1.96      8.06     -0.31
  total    125.50     30.25      3.52      3.79     -0.18     72.94      7.43      8.06     -0.31  (total of all contributions = sigma(>=3j) incl. stage-2 points only)
job 1001387 W1 169.1
              all      NCqq      NCqg      NCgq      NCgg      CCqq      CCqg      CCgq      CCgg
  excess     43.57      4.78     -0.23      9.81     -0.03     10.55     -0.54     18.53     -0.05
  line(   -483.60    -53.93     -0.01   -109.21     -0.03   -114.66     -0.02   -205.69     -0.04  above; n=1
  real       3.35      0.27      0.00      0.73      0.00      0.71      0.00      1.63      0.00  above; n=1
  dipol      0.00      0.00      0.00      0.00      0.00      0.00      0.00      0.00      0.00  above; n=0
  e3       524.17     58.38      0.00    118.51      0.01    124.06      0.01    223.19      0.01  above; n=1
  below    125.17     29.90      3.68      3.77     -0.15     72.37      7.80      8.06     -0.26
  total    169.09     34.63      3.67     13.80     -0.17     82.48      7.78     27.19     -0.29  (total of all contributions = sigma(>=3j) incl. stage-2 points only)
job 1001513 W1 125.5
              all      NCqq      NCqg      NCgq      NCgg      CCqq      CCqg      CCgq      CCgg
  excess      0.00     -0.35      0.08     -0.07     -0.00     -0.42      0.20     -0.19     -0.01
  line(      0.00      0.00      0.00      0.00      0.00      0.00      0.00      0.00      0.00  above; n=0
  real       4.09      0.57      0.00      0.70      0.00      1.47      0.00      1.35      0.00  above; n=1
  dipol      0.00      0.00      0.00      0.00      0.00      0.00      0.00      0.00      0.00  above; n=0
  e3         0.00      0.00      0.00      0.00      0.00      0.00      0.00      0.00      0.00  above; n=0
  below    121.39     28.92      3.98      3.22     -0.14     70.01      8.52      7.12     -0.24
  total    125.47     29.49      3.98      3.92     -0.14     71.48      8.52      8.47     -0.24  (total of all contributions = sigma(>=3j) incl. stage-2 points only)
job 1001652 W1 275.4
              all      NCqq      NCqg      NCgq      NCgg      CCqq      CCqg      CCgq      CCgg
  excess    149.83      5.03     -0.25     15.37     -0.00    101.81     -0.52     27.65     -0.00
  line(      0.00      0.00      0.00      0.00      0.00      0.00      0.00      0.00      0.00  above; n=0
  real     151.52      5.08      0.00     15.85      0.00    101.78      0.00     28.81      0.00  above; n=2
  dipol      0.00      0.00      0.00      0.00      0.00      0.00      0.00      0.00      0.00  above; n=0
  e3         0.00      0.00      0.00      0.00      0.00      0.00      0.00      0.00      0.00  above; n=0
  below    123.83     29.80      3.65      3.51     -0.14     71.95      7.80      7.50     -0.24
  total    275.34     34.88      3.65     19.35     -0.14    173.73      7.80     36.31     -0.24  (total of all contributions = sigma(>=3j) incl. stage-2 points only)
job 1002128 W1 125.5
              all      NCqq      NCqg      NCgq      NCgg      CCqq      CCqg      CCgq      CCgg
  excess      0.01      0.19     -0.13     -0.30     -0.00      0.70     -0.33     -0.87     -0.00
  line(     -4.49     -0.99     -0.32     -0.00     -0.00     -2.46     -0.70     -0.00     -0.00  above; n=1
  real       3.35      0.08      0.00      0.89      0.00      0.24      0.00      2.14      0.00  above; n=1
  dipol      0.00      0.00      0.00      0.00      0.00      0.00      0.00      0.00      0.00  above; n=0
  e3         5.03      1.12      0.36      0.00      0.00      2.77      0.78      0.00      0.00  above; n=1
  below    121.63     29.84      3.73      2.80     -0.13     72.08      7.91      5.65     -0.24
  total    125.52     30.04      3.76      3.69     -0.14     72.63      7.99      7.79     -0.24  (total of all contributions = sigma(>=3j) incl. stage-2 points only)
job 1002198 W1 321.7
              all      NCqq      NCqg      NCgq      NCgg      CCqq      CCqg      CCgq      CCgg
  excess    196.18      0.89     28.85      0.05     -0.01     87.18     78.44      0.05     -0.02
  line(    -11.18     -1.23     -0.00     -1.84     -0.00     -3.58     -0.01     -4.50     -0.01  above; n=1
  real     192.36      0.22     28.63      0.00      0.00     85.43     78.08      0.00      0.00  above; n=1
  dipol      0.00      0.00      0.00      0.00      0.00      0.00      0.00      0.00      0.00  above; n=0
  e3        12.15      1.33      0.00      2.02      0.00      3.88      0.00      4.92      0.00  above; n=1
  below    128.37     30.42      4.12      3.87     -0.14     73.38      8.69      8.29     -0.25
  total    321.70     30.74     32.74      4.04     -0.15    159.11     86.76      8.71     -0.25  (total of all contributions = sigma(>=3j) incl. stage-2 points only)
