  found input file powheg.input
  opened powheg.input
  powheginput keyword hdecaymode           absent; set to   -1000000.0000000000     
 for processes including gluons:

  all flavor channels are summed
  powheginput keyword qq_exclude           absent; set to   -1000000.0000000000     

  pure quark flavor channels are considered
  **** Minimum maxalr allowed:         1984  *********
  **** Number of born graphs:           192
  **** Number of real graphs:           856
  **** Number of regular regions:           0
 nborn, nreal, nalr:          192         856        1696
 real  601 alr flav  -4  -4****  -4  -4   1  -1 tags   1   2   0   1   2   5   5  emitter  6  radiated leg  7
 real  601 flav  -4  -4****  -4  -4   1  -1  number of regions:  1
 real  602 alr flav  -4  -4****  -4  -4   2  -2 tags   1   2   0   1   2   5   5  emitter  6  radiated leg  7
 real  602 flav  -4  -4****  -4  -4   2  -2  number of regions:  1
 real  603 alr flav  -4  -4****  -4  -4   3  -3 tags   1   2   0   1   2   5   5  emitter  6  radiated leg  7
 real  603 flav  -4  -4****  -4  -4   3  -3  number of regions:  1
 real  604 alr flav  -4  -4****  -4  -4   4  -4 tags   1   2   0   1   2   5   5  emitter  6  radiated leg  7
 real  604 flav  -4  -4****  -4  -4   4  -4  number of regions:  1
 real  605 alr flav  -4  -3****  -4  -3   1  -1 tags   1   2   0   1   2   5   5  emitter  6  radiated leg  7
 real  605 flav  -4  -3****  -4  -3   1  -1  number of regions:  1
 real  606 alr flav  -4  -3****  -4  -3   2  -2 tags   1   2   0   1   2   5   5  emitter  6  radiated leg  7
 real  606 flav  -4  -3****  -4  -3   2  -2  number of regions:  1
 real  607 alr flav  -4  -3****  -4  -3   3  -3 tags   1   2   0   1   2   5   5  emitter  6  radiated leg  7
 real  607 flav  -4  -3****  -4  -3   3  -3  number of regions:  1
 real  608 alr flav  -4  -3****  -4  -3   4  -4 tags   1   2   0   1   2   5   5  emitter  6  radiated leg  7
 real  608 flav  -4  -3****  -4  -3   4  -4  number of regions:  1
 real  609 alr flav  -4  -2****  -4  -2   1  -1 tags   1   2   0   1   2   5   5  emitter  6  radiated leg  7
 real  609 flav  -4  -2****  -4  -2   1  -1  number of regions:  1
 real  610 alr flav  -4  -2****  -4  -2   2  -2 tags   1   2   0   1   2   5   5  emitter  6  radiated leg  7
 real  610 flav  -4  -2****  -4  -2   2  -2  number of regions:  1
 real  611 alr flav  -4  -2****  -4  -2   3  -3 tags   1   2   0   1   2   5   5  emitter  6  radiated leg  7
 real  611 flav  -4  -2****  -4  -2   3  -3  number of regions:  1
 real  612 alr flav  -4  -2****  -4  -2   4  -4 tags   1   2   0   1   2   5   5  emitter  6  radiated leg  7
 real  612 flav  -4  -2****  -4  -2   4  -4  number of regions:  1
 NC q -> q + pair(5) entries on line 1:          256
 selection 1: entries   256
   initial-state regions 0, final-state regions 1: entries  256
 selection 2: entries   128
   initial-state regions 1, final-state regions 0: entries  128
